Component: ARM Compiler 5.06 update 7 (build 960) Tool: armlink [4d3601]

==============================================================================

Section Cross References

    main.o(i.BatteryCheck) refers to adc.o(i.ADC_Read) for ADC_Read
    main.o(i.BatteryCheck) refers to main.o(i.OnShutdown) for OnShutdown
    main.o(i.OnConnect) refers to ws2812b.o(i.WS_QueueSimple) for WS_QueueSimple
    main.o(i.OnConnect) refers to ws2812b.o(i.WS_Send) for WS_Send
    main.o(i.OnConnect) refers to tim.o(i.TIM_Delay) for TIM_Delay
    main.o(i.OnConnect) refers to main.o(.data) for connected
    main.o(i.OnDisconnect) refers to data_handler.o(i.Data_Handler_Stop) for Data_Handler_Stop
    main.o(i.OnDisconnect) refers to ws2812b.o(i.WS_QueueSimple) for WS_QueueSimple
    main.o(i.OnDisconnect) refers to ws2812b.o(i.WS_Send) for WS_Send
    main.o(i.OnDisconnect) refers to tim.o(i.TIM_Delay) for TIM_Delay
    main.o(i.OnDisconnect) refers to main.o(.data) for connected
    main.o(i.OnShutdown) refers to ws2812b.o(i.WS_QueueSimple) for WS_QueueSimple
    main.o(i.OnShutdown) refers to ws2812b.o(i.WS_Send) for WS_Send
    main.o(i.OnShutdown) refers to motor.o(i.Motor_Drive) for Motor_Drive
    main.o(i.OnShutdown) refers to gpio.o(i.GPIO_WritePin) for GPIO_WritePin
    main.o(i.OnStartup) refers to ws2812b.o(i.WS_QueueSimple) for WS_QueueSimple
    main.o(i.OnStartup) refers to ws2812b.o(i.WS_Send) for WS_Send
    main.o(i.OnStartup) refers to tim.o(i.TIM_Delay) for TIM_Delay
    main.o(i.OnStartup) refers to buzzer.o(i.Buzzer_Tone) for Buzzer_Tone
    main.o(i.OnStartup) refers to dfixui.o(.text) for __aeabi_d2uiz
    main.o(i.main) refers to flash.o(i.FLASH_Init) for FLASH_Init
    main.o(i.main) refers to rcc.o(i.RCC_Init) for RCC_Init
    main.o(i.main) refers to system_stm32f0xx.o(i.SystemCoreClockUpdate) for SystemCoreClockUpdate
    main.o(i.main) refers to aeabi_sdiv.o(.text) for __aeabi_uidivmod
    main.o(i.main) refers to main.o(i.__NVIC_SetPriority) for __NVIC_SetPriority
    main.o(i.main) refers to gpio.o(i.GPIO_Init) for GPIO_Init
    main.o(i.main) refers to usart.o(i.UART_Init) for UART_Init
    main.o(i.main) refers to i2c.o(i.I2C_Init) for I2C_Init
    main.o(i.main) refers to adc.o(i.ADC_Init) for ADC_Init
    main.o(i.main) refers to motor.o(i.Motor_Init) for Motor_Init
    main.o(i.main) refers to ws2812b.o(i.WS2812B_Init) for WS2812B_Init
    main.o(i.main) refers to buzzer.o(i.Buzzer_Init) for Buzzer_Init
    main.o(i.main) refers to motor.o(i.Motor_Drive) for Motor_Drive
    main.o(i.main) refers to gpio.o(i.GPIO_WritePin) for GPIO_WritePin
    main.o(i.main) refers to tim.o(i.TIM_Delay) for TIM_Delay
    main.o(i.main) refers to mpu6050.o(i.MPU6050_Init) for MPU6050_Init
    main.o(i.main) refers to main.o(i.OnStartup) for OnStartup
    main.o(i.main) refers to main.o(i.BatteryCheck) for BatteryCheck
    main.o(i.main) refers to gpio.o(i.GPIO_ReadPin) for GPIO_ReadPin
    main.o(i.main) refers to main.o(i.OnConnect) for OnConnect
    main.o(i.main) refers to main.o(i.OnDisconnect) for OnDisconnect
    main.o(i.main) refers to usart.o(i.UART_RXNE) for UART_RXNE
    main.o(i.main) refers to usart.o(i.UART_ReadBuffer) for UART_ReadBuffer
    main.o(i.main) refers to data_handler.o(i.Data_Handler_Handle) for Data_Handler_Handle
    main.o(i.main) refers to usart.o(i.UART_WriteBytes) for UART_WriteBytes
    main.o(i.main) refers to data_handler.o(i.Execute) for Execute
    main.o(i.main) refers to system_stm32f0xx.o(.data) for SystemCoreClock
    main.o(i.main) refers to tim.o(.data) for ms_ticks
    main.o(i.main) refers to main.o(.data) for connected
    main.o(i.main) refers to data_handler.o(.data) for is_executing
    main.o(i.main) refers to motor.o(.data) for g_closed_loop_motion
    serial_debug.o(i.print) refers to rt_memclr.o(.text) for __aeabi_memclr4
    serial_debug.o(i.print) refers to vsprintf.o(.text) for vsprintf
    mpu6050.o(i.MPU6050_CalculateError) refers to mpu6050.o(i.MPU6050_ReadRawZ) for MPU6050_ReadRawZ
    mpu6050.o(i.MPU6050_CalculateError) refers to faddsub.o(x$fpl$fadd) for __aeabi_fadd
    mpu6050.o(i.MPU6050_CalculateError) refers to f2d.o(.text) for __aeabi_f2d
    mpu6050.o(i.MPU6050_CalculateError) refers to ddiv.o(.text) for __aeabi_ddiv
    mpu6050.o(i.MPU6050_CalculateError) refers to d2f.o(.text) for __aeabi_d2f
    mpu6050.o(i.MPU6050_Init) refers to i2c.o(i.I2C_Read) for I2C_Read
    mpu6050.o(i.MPU6050_Init) refers to i2c.o(i.I2C_Transfer) for I2C_Transfer
    mpu6050.o(i.MPU6050_ReadRawZ) refers to i2c.o(i.I2C_Read) for I2C_Read
    mpu6050.o(i.MPU6050_ReadRawZ) refers to dflti.o(.text) for __aeabi_i2d
    mpu6050.o(i.MPU6050_ReadRawZ) refers to ddiv.o(.text) for __aeabi_ddiv
    mpu6050.o(i.MPU6050_ReadRawZ) refers to d2f.o(.text) for __aeabi_d2f
    mpu6050.o(i.TIM16_IRQHandler) refers to i2c.o(i.I2C_Read) for I2C_Read
[...]
    ../clib/armsys.c                         0x00000000   Number         0  no_argv.o ABSOLUTE
    ../clib/armsys.c                         0x00000000   Number         0  _get_argv_nomalloc.o ABSOLUTE
    ../clib/bigflt.c                         0x00000000   Number         0  bigflt0.o ABSOLUTE
    ../clib/btod.c                           0x00000000   Number         0  btod.o ABSOLUTE
    ../clib/division.c                       0x00000000   Number         0  lludiv10.o ABSOLUTE
    ../clib/division.c                       0x00000000   Number         0  rtudiv10.o ABSOLUTE
    ../clib/division.s                       0x00000000   Number         0  aeabi_sdiv_div0.o ABSOLUTE
    ../clib/division.s                       0x00000000   Number         0  aeabi_sdiv.o ABSOLUTE
    ../clib/heap1.c                          0x00000000   Number         0  h1_extend_mt.o ABSOLUTE
    ../clib/heap1.c                          0x00000000   Number         0  h1_extend.o ABSOLUTE
    ../clib/heap1.c                          0x00000000   Number         0  h1_init.o ABSOLUTE
    ../clib/heap1.c                          0x00000000   Number         0  h1_init_mt.o ABSOLUTE
    ../clib/heap1.c                          0x00000000   Number         0  h1_final.o ABSOLUTE
    ../clib/heap1.c                          0x00000000   Number         0  h1_alloc.o ABSOLUTE
    ../clib/heap1.c                          0x00000000   Number         0  h1_final_mt.o ABSOLUTE
    ../clib/heap1.c                          0x00000000   Number         0  h1_free.o ABSOLUTE
    ../clib/heap1.c                          0x00000000   Number         0  h1_free_mt.o ABSOLUTE
    ../clib/heap1.c                          0x00000000   Number         0  h1_alloc_mt.o ABSOLUTE
    ../clib/heap2.c                          0x00000000   Number         0  fdtree.o ABSOLUTE
    ../clib/heap2.c                          0x00000000   Number         0  heap2.o ABSOLUTE
    ../clib/heap2.c                          0x00000000   Number         0  heap2mt.o ABSOLUTE
    ../clib/heapalloc.c                      0x00000000   Number         0  maybetermalloc1.o ABSOLUTE
    ../clib/heapalloc.c                      0x00000000   Number         0  heapstubs.o ABSOLUTE
    ../clib/heapalloc.c                      0x00000000   Number         0  hrguard.o ABSOLUTE
    ../clib/heapalloc.c                      0x00000000   Number         0  maybetermalloc1.o ABSOLUTE
    ../clib/heapalloc.c                      0x00000000   Number         0  malloc.o ABSOLUTE
    ../clib/heapalloc.c                      0x00000000   Number         0  free.o ABSOLUTE
    ../clib/heapalloc.c                      0x00000000   Number         0  maybetermalloc2.o ABSOLUTE
    ../clib/heapalloc.c                      0x00000000   Number         0  maybetermalloc2.o ABSOLUTE
    ../clib/heapalloc.c                      0x00000000   Number         0  term_alloc.o ABSOLUTE
    ../clib/heapalloc.c                      0x00000000   Number         0  hguard.o ABSOLUTE
    ../clib/heapalloc.c                      0x00000000   Number         0  init_alloc.o ABSOLUTE
    ../clib/heapaux.c                        0x00000000   Number         0  heapauxi.o ABSOLUTE
    ../clib/heapaux.c                        0x00000000   Number         0  heapauxa.o ABSOLUTE
    ../clib/libinit.s                        0x00000000   Number         0  libshutdown2.o ABSOLUTE
    ../clib/libinit.s                        0x00000000   Number         0  libinit2.o ABSOLUTE
    ../clib/libinit.s                        0x00000000   Number         0  libshutdown.o ABSOLUTE
    ../clib/libinit.s                        0x00000000   Number         0  libinit.o ABSOLUTE
    ../clib/locale.c                         0x00000000   Number         0  _wcrtomb.o ABSOLUTE
    ../clib/locale.s                         0x00000000   Number         0  lc_ctype_c.o ABSOLUTE
    ../clib/locale.s                         0x00000000   Number         0  lc_numeric_c.o ABSOLUTE
    ../clib/memcpset.c                       0x00000000   Number         0  rt_memclr.o ABSOLUTE
    ../clib/memcpset.c                       0x00000000   Number         0  rt_memcpy.o ABSOLUTE
    ../clib/memcpset.c                       0x00000000   Number         0  rt_memcpy.o ABSOLUTE
    ../clib/misc.s                           0x00000000   Number         0  printf_stubs.o ABSOLUTE
    ../clib/printf.c                         0x00000000   Number         0  _sputc.o ABSOLUTE
    ../clib/printf.c                         0x00000000   Number         0  _printf_wctomb.o ABSOLUTE
    ../clib/printf.c                         0x00000000   Number         0  _printf_hex_int_ptr.o ABSOLUTE
    ../clib/printf.c                         0x00000000   Number         0  _printf_oct_ll.o ABSOLUTE
    ../clib/printf.c                         0x00000000   Number         0  _printf_oct_int.o ABSOLUTE
    ../clib/printf.c                         0x00000000   Number         0  _printf_oct_int_ll.o ABSOLUTE
    ../clib/printf.c                         0x00000000   Number         0  _printf_hex_ll.o ABSOLUTE
    ../clib/printf.c                         0x00000000   Number         0  __printf_flags_ss_wp.o ABSOLUTE
    ../clib/printf.c                         0x00000000   Number         0  _printf_hex_int.o ABSOLUTE
    ../clib/printf.c                         0x00000000   Number         0  _printf_hex_int_ll.o ABSOLUTE
    ../clib/printf.c                         0x00000000   Number         0  _printf_hex_ptr.o ABSOLUTE
    ../clib/printf.c                         0x00000000   Number         0  _printf_str.o ABSOLUTE
    ../clib/printf.c                         0x00000000   Number         0  _printf_hex_ll_ptr.o ABSOLUTE
    ../clib/printf.c                         0x00000000   Number         0  _printf_hex_int_ll_ptr.o ABSOLUTE
    ../clib/printf.c                         0x00000000   Number         0  __printf_flags.o ABSOLUTE
    ../clib/printf.c                         0x00000000   Number         0  _printf_longlong_dec.o ABSOLUTE
    ../clib/printf.c                         0x00000000   Number         0  _printf_fp_dec.o ABSOLUTE
    ../clib/printf.c                         0x00000000   Number         0  __printf_ss.o ABSOLUTE
    ../clib/printf.c                         0x00000000   Number         0  __printf_flags_ss.o ABSOLUTE
    ../clib/printf.c                         0x00000000   Number         0  __printf_wp.o ABSOLUTE
    ../clib/printf.c                         0x00000000   Number         0  __printf_flags_wp.o ABSOLUTE
    ../clib/printf.c                         0x00000000   Number         0  __printf.o ABSOLUTE
    ../clib/printf.c                         0x00000000   Number         0  _printf_pad.o ABSOLUTE
    ../clib/printf.c                         0x00000000   Number         0  _printf_truncate.o ABSOLUTE
    ../clib/printf.c                         0x00000000   Number         0  vsprintf.o ABSOLUTE
    ../clib/printf.c                         0x00000000   Number         0  _printf_dec.o ABSOLUTE
    ../clib/printf.c                         0x00000000   Number         0  _printf_charcount.o ABSOLUTE
    ../clib/printf.c                         0x00000000   Number         0  _printf_fp_infnan.o ABSOLUTE
    ../clib/printf.c                         0x00000000   Number         0  __printf_ss_wp.o ABSOLUTE
    ../clib/printf.c                         0x00000000   Number         0  _printf_wchar.o ABSOLUTE
    ../clib/printf.c                         0x00000000   Number         0  _printf_char.o ABSOLUTE
    ../clib/printf.c                         0x00000000   Number         0  _printf_char_common.o ABSOLUTE
    ../clib/printf.c                         0x00000000   Number         0  __printf_nopercent.o ABSOLUTE
    ../clib/printf.c                         0x00000000   Number         0  _printf_intcommon.o ABSOLUTE
    ../clib/printf.c                         0x00000000   Number         0  _printf_fp_hex.o ABSOLUTE
    ../clib/printf_percent.s                 0x00000000   Number         0  _printf_ls.o ABSOLUTE
    ../clib/printf_percent.s                 0x00000000   Number         0  _printf_llo.o ABSOLUTE
    ../clib/printf_percent.s                 0x00000000   Number         0  _printf_llx.o ABSOLUTE
    ../clib/printf_percent.s                 0x00000000   Number         0  _printf_u.o ABSOLUTE
    ../clib/printf_percent.s                 0x00000000   Number         0  _printf_percent_end.o ABSOLUTE
    ../clib/printf_percent.s                 0x00000000   Number         0  _printf_lc.o ABSOLUTE
    ../clib/printf_percent.s                 0x00000000   Number         0  _printf_l.o ABSOLUTE
    ../clib/printf_percent.s                 0x00000000   Number         0  _printf_ll.o ABSOLUTE
    ../clib/printf_percent.s                 0x00000000   Number         0  _printf_llu.o ABSOLUTE
    ../clib/printf_percent.s                 0x00000000   Number         0  _printf_lld.o ABSOLUTE
    ../clib/printf_percent.s                 0x00000000   Number         0  _printf_lli.o ABSOLUTE
    ../clib/printf_percent.s                 0x00000000   Number         0  _printf_percent.o ABSOLUTE
    ../clib/printf_percent.s                 0x00000000   Number         0  _printf_a.o ABSOLUTE
    ../clib/printf_percent.s                 0x00000000   Number         0  _printf_g.o ABSOLUTE
    ../clib/printf_percent.s                 0x00000000   Number         0  _printf_e.o ABSOLUTE
    ../clib/printf_percent.s                 0x00000000   Number         0  _printf_f.o ABSOLUTE
    ../clib/printf_percent.s                 0x00000000   Number         0  _printf_d.o ABSOLUTE
    ../clib/printf_percent.s                 0x00000000   Number         0  _printf_i.o ABSOLUTE
    ../clib/printf_percent.s                 0x00000000   Number         0  _printf_o.o ABSOLUTE
    ../clib/printf_percent.s                 0x00000000   Number         0  _printf_p.o ABSOLUTE
    ../clib/printf_percent.s                 0x00000000   Number         0  _printf_x.o ABSOLUTE
    ../clib/printf_percent.s                 0x00000000   Number         0  _printf_n.o ABSOLUTE
    ../clib/printf_percent.s                 0x00000000   Number         0  _printf_s.o ABSOLUTE
    ../clib/printf_percent.s                 0x00000000   Number         0  _printf_c.o ABSOLUTE
    ../clib/signal.c                         0x00000000   Number         0  defsig_cppl_inner.o ABSOLUTE
    ../clib/signal.c                         0x00000000   Number         0  defsig_segv_inner.o ABSOLUTE
    ../clib/signal.c                         0x00000000   Number         0  defsig_rtmem_outer.o ABSOLUTE
    ../clib/signal.c                         0x00000000   Number         0  defsig_rtmem_formal.o ABSOLUTE
    ../clib/signal.c                         0x00000000   Number         0  __raise.o ABSOLUTE
    ../clib/signal.c                         0x00000000   Number         0  defsig_abrt_inner.o ABSOLUTE
    ../clib/signal.c                         0x00000000   Number         0  defsig_rtred_inner.o ABSOLUTE
    ../clib/signal.c                         0x00000000   Number         0  defsig_stak_inner.o ABSOLUTE
    ../clib/signal.c                         0x00000000   Number         0  defsig_rtmem_inner.o ABSOLUTE
    ../clib/signal.c                         0x00000000   Number         0  defsig_fpe_inner.o ABSOLUTE
    ../clib/signal.c                         0x00000000   Number         0  defsig_fpe_formal.o ABSOLUTE
    ../clib/signal.c                         0x00000000   Number         0  defsig_fpe_outer.o ABSOLUTE
    ../clib/signal.c                         0x00000000   Number         0  defsig_exit.o ABSOLUTE
    ../clib/signal.c                         0x00000000   Number         0  defsig_general.o ABSOLUTE
    ../clib/signal.c                         0x00000000   Number         0  defsig_other.o ABSOLUTE
    ../clib/signal.c                         0x00000000   Number         0  defsig_pvfn_inner.o ABSOLUTE
    ../clib/signal.s                         0x00000000   Number         0  defsig.o ABSOLUTE
    ../clib/stdlib.c                         0x00000000   Number         0  exit.o ABSOLUTE
    ../clib/string.c                         0x00000000   Number         0  strcmp.o ABSOLUTE
    ../fplib/cfplib/cmpret.c                 0x00000000   Number         0  cmpret.o ABSOLUTE
    ../fplib/cfplib/d2f.c                    0x00000000   Number         0  d2f.o ABSOLUTE
    ../fplib/cfplib/daddsub.c                0x00000000   Number         0  daddsub.o ABSOLUTE
    ../fplib/cfplib/dcmpin.c                 0x00000000   Number         0  dcmpin.o ABSOLUTE
    ../fplib/cfplib/ddiv.c                   0x00000000   Number         0  ddiv.o ABSOLUTE
    ../fplib/cfplib/dmul.c                   0x00000000   Number         0  dmul.o ABSOLUTE
    ../fplib/cfplib/f2d.c                    0x00000000   Number         0  f2d.o ABSOLUTE
    ../fplib/cfplib/fcmpin.c                 0x00000000   Number         0  fcmpin.o ABSOLUTE
    ../fplib/cfplib/fdiv.c                   0x00000000   Number         0  fdiv.o ABSOLUTE
    ../fplib/cfplib/ffix.c                   0x00000000   Number         0  dfixui.o ABSOLUTE
    ../fplib/cfplib/ffix.c                   0x00000000   Number         0  ffixui.o ABSOLUTE
    ../fplib/cfplib/fflt.c                   0x00000000   Number         0  dflti.o ABSOLUTE
    ../fplib/cfplib/fflt.c                   0x00000000   Number         0  fflti.o ABSOLUTE
    ../fplib/cfplib/fpinit.c                 0x00000000   Number         0  fpinit.o ABSOLUTE
    ../fplib/cfplib/ieee_status.c            0x00000000   Number         0  ieee_status.o ABSOLUTE
    ../fplib/cfplib/nan2.c                   0x00000000   Number         0  fnan2.o ABSOLUTE
    ../fplib/cfplib/nan2.c                   0x00000000   Number         0  dnan2.o ABSOLUTE
    ../fplib/cfplib/retnan.c                 0x00000000   Number         0  retnan.o ABSOLUTE
    ../fplib/dleqf6m.s                       0x00000000   Number         0  dlef.o ABSOLUTE
    ../fplib/faddsub6m.s                     0x00000000   Number         0  faddsub.o ABSOLUTE
    ../fplib/fleqf6m.s                       0x00000000   Number         0  flef.o ABSOLUTE
    ../fplib/fmul6m.s                        0x00000000   Number         0  fmul.o ABSOLUTE
    ../fplib/frleqf6m.s                      0x00000000   Number         0  frlef.o ABSOLUTE
    ../fplib/printf1.s                       0x00000000   Number         0  printf1.o ABSOLUTE
    ../fplib/printf2.s                       0x00000000   Number         0  printf2.o ABSOLUTE
    ../fplib/printf2a.s                      0x00000000   Number         0  printf2a.o ABSOLUTE
    ../fplib/printf2b.s                      0x00000000   Number         0  printf2b.o ABSOLUTE
    ../fplib/usenofp.s                       0x00000000   Number         0  usenofp.o ABSOLUTE
    ../mathlib/fpclassify.c                  0x00000000   Number         0  fpclassify.o ABSOLUTE
    ADC.c                                    0x00000000   Number         0  adc.o ABSOLUTE
    ADC.c                                    0x00000000   Number         0  adc.o ABSOLUTE
    DMA.c                                    0x00000000   Number         0  dma.o ABSOLUTE
    DMA.c                                    0x00000000   Number         0  dma.o ABSOLUTE
    FLASH.c                                  0x00000000   Number         0  flash.o ABSOLUTE
    FLASH.c                                  0x00000000   Number         0  flash.o ABSOLUTE
    GPIO.c                                   0x00000000   Number         0  gpio.o ABSOLUTE
    GPIO.c                                   0x00000000   Number         0  gpio.o ABSOLUTE
    I2C.c                                    0x00000000   Number         0  i2c.o ABSOLUTE
    I2C.c                                    0x00000000   Number         0  i2c.o ABSOLUTE
    MPU6050.c                                0x00000000   Number         0  mpu6050.o ABSOLUTE
    MPU6050.c                                0x00000000   Number         0  mpu6050.o ABSOLUTE
    RCC.c                                    0x00000000   Number         0  rcc.o ABSOLUTE
    RCC.c                                    0x00000000   Number         0  rcc.o ABSOLUTE
    RTE\Device\STM32F030K6Tx\startup_stm32f030x6.s 0x00000000   Number         0  startup_stm32f030x6.o ABSOLUTE
    RTE\Device\STM32F030K6Tx\system_stm32f0xx.c 0x00000000   Number         0  system_stm32f0xx.o ABSOLUTE
    RTE\\Device\\STM32F030K6Tx\\system_stm32f0xx.c 0x00000000   Number         0  system_stm32f0xx.o ABSOLUTE
    TIM.c                                    0x00000000   Number         0  tim.o ABSOLUTE
    TIM.c                                    0x00000000   Number         0  tim.o ABSOLUTE
    USART.c                                  0x00000000   Number         0  usart.o ABSOLUTE
    USART.c                                  0x00000000   Number         0  usart.o ABSOLUTE
    WS2812B.c                                0x00000000   Number         0  ws2812b.o ABSOLUTE
    WS2812B.c                                0x00000000   Number         0  ws2812b.o ABSOLUTE
    buzzer.c                                 0x00000000   Number         0  buzzer.o ABSOLUTE
    buzzer.c                                 0x00000000   Number         0  buzzer.o ABSOLUTE
    data_handler.c                           0x00000000   Number         0  data_handler.o ABSOLUTE
    data_handler.c                           0x00000000   Number         0  data_handler.o ABSOLUTE
    dc.s                                     0x00000000   Number         0  dc.o ABSOLUTE
    main.c                                   0x00000000   Number         0  main.o ABSOLUTE
    main.c                                   0x00000000   Number         0  main.o ABSOLUTE
    motor.c                                  0x00000000   Number         0  motor.o ABSOLUTE
    motor.c                                  0x00000000   Number         0  motor.o ABSOLUTE
    serial_debug.c                           0x00000000   Number         0  serial_debug.o ABSOLUTE
    serial_debug.c                           0x00000000   Number         0  serial_debug.o ABSOLUTE
    RESET                                    0x08000000   Section      176  startup_stm32f030x6.o(RESET)
    !!!main                                  0x080000b0   Section        8  __main.o(!!!main)
    !!!scatter                               0x080000b8   Section       60  __scatter.o(!!!scatter)
    !!handler_copy                           0x080000f4   Section       26  __scatter_copy.o(!!handler_copy)
    !!handler_zi                             0x08000110   Section       28  __scatter_zi.o(!!handler_zi)
    .ARM.Collect$$libinit$$00000000          0x0800012c   Section        2  libinit.o(.ARM.Collect$$libinit$$00000000)
    .ARM.Collect$$libinit$$00000002          0x0800012e   Section        0  libinit2.o(.ARM.Collect$$libinit$$00000002)
    .ARM.Collect$$libinit$$00000004          0x0800012e   Section        0  libinit2.o(.ARM.Collect$$libinit$$00000004)
    .ARM.Collect$$libinit$$00000005          0x0800012e   Section        8  libinit2.o(.ARM.Collect$$libinit$$00000005)
    .ARM.Collect$$libinit$$0000000A          0x08000136   Section        0  libinit2.o(.ARM.Collect$$libinit$$0000000A)
    .ARM.Collect$$libinit$$0000000C          0x08000136   Section        0  libinit2.o(.ARM.Collect$$libinit$$0000000C)
    .ARM.Collect$$libinit$$0000000E          0x08000136   Section        0  libinit2.o(.ARM.Collect$$libinit$$0000000E)
    .ARM.Collect$$libinit$$00000011          0x08000136   Section        0  libinit2.o(.ARM.Collect$$libinit$$00000011)
    .ARM.Collect$$libinit$$00000013          0x08000136   Section        0  libinit2.o(.ARM.Collect$$libinit$$00000013)
    .ARM.Collect$$libinit$$00000015          0x08000136   Section        0  libinit2.o(.ARM.Collect$$libinit$$00000015)
    .ARM.Collect$$libinit$$00000017          0x08000136   Section        0  libinit2.o(.ARM.Collect$$libinit$$00000017)
    .ARM.Collect$$libinit$$00000019          0x08000136   Section        0  libinit2.o(.ARM.Collect$$libinit$$00000019)
    .ARM.Collect$$libinit$$0000001B          0x08000136   Section        0  libinit2.o(.ARM.Collect$$libinit$$0000001B)
    .ARM.Collect$$libinit$$0000001D          0x08000136   Section        0  libinit2.o(.ARM.Collect$$libinit$$0000001D)
    .ARM.Collect$$libinit$$0000001F          0x08000136   Section        0  libinit2.o(.ARM.Collect$$libinit$$0000001F)
    .ARM.Collect$$libinit$$00000021          0x08000136   Section        0  libinit2.o(.ARM.Collect$$libinit$$00000021)
    .ARM.Collect$$libinit$$00000023          0x08000136   Section        0  libinit2.o(.ARM.Collect$$libinit$$00000023)
    .ARM.Collect$$libinit$$00000025          0x08000136   Section        0  libinit2.o(.ARM.Collect$$libinit$$00000025)
    .ARM.Collect$$libinit$$0000002C          0x08000136   Section        0  libinit2.o(.ARM.Collect$$libinit$$0000002C)
    .ARM.Collect$$libinit$$0000002E          0x08000136   Section        0  libinit2.o(.ARM.Collect$$libinit$$0000002E)
    .ARM.Collect$$libinit$$00000030          0x08000136   Section        0  libinit2.o(.ARM.Collect$$libinit$$00000030)
    .ARM.Collect$$libinit$$00000032          0x08000136   Section        0  libinit2.o(.ARM.Collect$$libinit$$00000032)
    .ARM.Collect$$libinit$$00000033          0x08000136   Section        2  libinit2.o(.ARM.Collect$$libinit$$00000033)
    .ARM.Collect$$libshutdown$$00000000      0x08000138   Section        2  libshutdown.o(.ARM.Collect$$libshutdown$$00000000)
    .ARM.Collect$$libshutdown$$00000002      0x0800013a   Section        0  libshutdown2.o(.ARM.Collect$$libshutdown$$00000002)
    .ARM.Collect$$libshutdown$$00000004      0x0800013a   Section        0  libshutdown2.o(.ARM.Collect$$libshutdown$$00000004)
    .ARM.Collect$$libshutdown$$00000006      0x0800013a   Section        0  libshutdown2.o(.ARM.Collect$$libshutdown$$00000006)
    .ARM.Collect$$libshutdown$$00000009      0x0800013a   Section        0  libshutdown2.o(.ARM.Collect$$libshutdown$$00000009)
    .ARM.Collect$$libshutdown$$0000000C      0x0800013a   Section        0  libshutdown2.o(.ARM.Collect$$libshutdown$$0000000C)
    .ARM.Collect$$libshutdown$$0000000E      0x0800013a   Section        0  libshutdown2.o(.ARM.Collect$$libshutdown$$0000000E)
    .ARM.Collect$$libshutdown$$00000011      0x0800013a   Section        0  libshutdown2.o(.ARM.Collect$$libshutdown$$00000011)
    .ARM.Collect$$libshutdown$$00000012      0x0800013a   Section        2  libshutdown2.o(.ARM.Collect$$libshutdown$$00000012)
    .ARM.Collect$$rtentry$$00000000          0x0800013c   Section        0  __rtentry.o(.ARM.Collect$$rtentry$$00000000)
    .ARM.Collect$$rtentry$$00000002          0x0800013c   Section        0  __rtentry2.o(.ARM.Collect$$rtentry$$00000002)
    .ARM.Collect$$rtentry$$00000004          0x0800013c   Section        6  __rtentry4.o(.ARM.Collect$$rtentry$$00000004)
    .ARM.Collect$$rtentry$$00000009          0x08000142   Section        0  __rtentry2.o(.ARM.Collect$$rtentry$$00000009)
    .ARM.Collect$$rtentry$$0000000A          0x08000142   Section        4  __rtentry2.o(.ARM.Collect$$rtentry$$0000000A)
    .ARM.Collect$$rtentry$$0000000C          0x08000146   Section        0  __rtentry2.o(.ARM.Collect$$rtentry$$0000000C)
    .ARM.Collect$$rtentry$$0000000D          0x08000146   Section        8  __rtentry2.o(.ARM.Collect$$rtentry$$0000000D)
    .ARM.Collect$$rtexit$$00000000           0x0800014e   Section        2  rtexit.o(.ARM.Collect$$rtexit$$00000000)
    .ARM.Collect$$rtexit$$00000002           0x08000150   Section        0  rtexit2.o(.ARM.Collect$$rtexit$$00000002)
    .ARM.Collect$$rtexit$$00000003           0x08000150   Section        4  rtexit2.o(.ARM.Collect$$rtexit$$00000003)
    .ARM.Collect$$rtexit$$00000004           0x08000154   Section        6  rtexit2.o(.ARM.Collect$$rtexit$$00000004)
    .emb_text                                0x0800015c   Section        0  maybetermalloc1.o(.emb_text)
    .text                                    0x0800015c   Section       56  startup_stm32f030x6.o(.text)
    .text                                    0x08000194   Section        0  h1_alloc.o(.text)
    .text                                    0x080001f6   Section        0  h1_free.o(.text)
    .text                                    0x08000242   Section      346  aeabi_sdiv.o(.text)
    .text                                    0x0800039c   Section        0  heapauxi.o(.text)
    .text                                    0x080003a4   Section        0  d2f.o(.text)
    .text                                    0x08000420   Section        0  daddsub.o(.text)
    _dadd1                                   0x08000421   Thumb Code   290  daddsub.o(.text)
    _dsub1                                   0x08000543   Thumb Code   470  daddsub.o(.text)
    .text                                    0x08000778   Section        0  ddiv.o(.text)
    .text                                    0x08000bc0   Section        0  dfixui.o(.text)
    .text                                    0x08000c08   Section        0  dflti.o(.text)
    .text                                    0x08000c60   Section        0  dmul.o(.text)
    .text                                    0x08000ea8   Section        0  f2d.o(.text)
    .text                                    0x08000efc   Section        0  fdiv.o(.text)
    .text                                    0x0800105c   Section        0  ffixui.o(.text)
    .text                                    0x0800108c   Section        0  fflti.o(.text)
    .text                                    0x080010ec   Section        8  rt_heap_descriptor_intlibspace.o(.text)
    .text                                    0x080010f4   Section        0  hguard.o(.text)
    .text                                    0x080010f8   Section        0  init_alloc.o(.text)
    .text                                    0x08001180   Section        0  h1_init.o(.text)
    .text                                    0x08001190   Section        0  dcmpin.o(.text)
    .text                                    0x08001220   Section        0  fcmpin.o(.text)
    .text                                    0x08001284   Section        8  libspace.o(.text)
    .text                                    0x0800128c   Section        0  h1_extend.o(.text)
    .text                                    0x080012c0   Section        0  defsig_rtmem_outer.o(.text)
    .text                                    0x080012cc   Section        0  cmpret.o(.text)
    .text                                    0x080012fc   Section        0  dnan2.o(.text)
    .text                                    0x08001310   Section        0  fnan2.o(.text)
    .text                                    0x08001320   Section        2  use_no_semi.o(.text)
    .text                                    0x08001322   Section        0  indicate_semi.o(.text)
    .text                                    0x08001322   Section       62  sys_stackheap_outer.o(.text)
    .text                                    0x08001360   Section        0  exit.o(.text)
    .text                                    0x08001370   Section        0  defsig_exit.o(.text)
    .text                                    0x0800137c   Section        0  defsig_rtmem_inner.o(.text)
    .text                                    0x080013cc   Section        0  retnan.o(.text)
    .text                                    0x0800142c   Section        0  sys_exit.o(.text)
    .text                                    0x08001438   Section        0  defsig_general.o(.text)
    .text                                    0x0800146c   Section        0  sys_wrch.o(.text)
    i.ADC_Init                               0x08001478   Section        0  adc.o(i.ADC_Init)
    i.ADC_Read                               0x08001530   Section        0  adc.o(i.ADC_Read)
    i.BTSendBatteryInfo                      0x08001558   Section        0  data_handler.o(i.BTSendBatteryInfo)
    BTSendBatteryInfo                        0x08001559   Thumb Code    48  data_handler.o(i.BTSendBatteryInfo)
    i.BatteryCheck                           0x08001590   Section        0  main.o(i.BatteryCheck)
    BatteryCheck                             0x08001591   Thumb Code    20  main.o(i.BatteryCheck)
    i.Buzzer_Init                            0x080015a8   Section        0  buzzer.o(i.Buzzer_Init)
    i.Buzzer_Tone                            0x080015f0   Section        0  buzzer.o(i.Buzzer_Tone)
    i.Buzzer_ToneStart                       0x08001658   Section        0  buzzer.o(i.Buzzer_ToneStart)
    i.Buzzer_ToneStop                        0x080016a0   Section        0  buzzer.o(i.Buzzer_ToneStop)
    i.CNTRLR_Block_Check                     0x080016bc   Section        0  motor.o(i.CNTRLR_Block_Check)
    CNTRLR_Block_Check                       0x080016bd   Thumb Code    50  motor.o(i.CNTRLR_Block_Check)
    i.CNTRLR_Forward                         0x080016fc   Section        0  motor.o(i.CNTRLR_Forward)
    CNTRLR_Forward                           0x080016fd   Thumb Code   450  motor.o(i.CNTRLR_Forward)
    i.CNTRLR_StartForward                    0x080018f8   Section        0  motor.o(i.CNTRLR_StartForward)
    i.CNTRLR_StartTurn                       0x08001964   Section        0  motor.o(i.CNTRLR_StartTurn)
    i.CNTRLR_Stop                            0x080019bc   Section        0  motor.o(i.CNTRLR_Stop)
    i.CNTRLR_Turn                            0x080019ec   Section        0  motor.o(i.CNTRLR_Turn)
    CNTRLR_Turn                              0x080019ed   Thumb Code   268  motor.o(i.CNTRLR_Turn)
    i.DMA1_Channel4_5_IRQHandler             0x08001b2c   Section        0  usart.o(i.DMA1_Channel4_5_IRQHandler)
    i.Data_Handler_Handle                    0x08001ba4   Section        0  data_handler.o(i.Data_Handler_Handle)
    i.Data_Handler_Stop                      0x08001f58   Section        0  data_handler.o(i.Data_Handler_Stop)
    i.Execute                                0x08001f88   Section        0  data_handler.o(i.Execute)
    i.FLASH_Init                             0x08001fa0   Section        0  flash.o(i.FLASH_Init)
    i.FreeProgram                            0x08001fb4   Section        0  data_handler.o(i.FreeProgram)
    FreeProgram                              0x08001fb5   Thumb Code    56  data_handler.o(i.FreeProgram)
    i.GPIO_Init                              0x08001ff0   Section        0  gpio.o(i.GPIO_Init)
    i.GPIO_ReadPin                           0x08002200   Section        0  gpio.o(i.GPIO_ReadPin)
    i.GPIO_WritePin                          0x0800220c   Section        0  gpio.o(i.GPIO_WritePin)
    i.I2C_Init                               0x08002228   Section        0  i2c.o(i.I2C_Init)
    i.I2C_Read                               0x08002258   Section        0  i2c.o(i.I2C_Read)
    i.I2C_SendStart                          0x08002320   Section        0  i2c.o(i.I2C_SendStart)
    I2C_SendStart                            0x08002321   Thumb Code    32  i2c.o(i.I2C_SendStart)
    i.I2C_SendStop                           0x08002344   Section        0  i2c.o(i.I2C_SendStop)
    I2C_SendStop                             0x08002345   Thumb Code    32  i2c.o(i.I2C_SendStop)
    i.I2C_Transfer                           0x08002368   Section        0  i2c.o(i.I2C_Transfer)
    i.MPU6050_CalculateError                 0x080023ec   Section        0  mpu6050.o(i.MPU6050_CalculateError)
    i.MPU6050_Init                           0x08002428   Section        0  mpu6050.o(i.MPU6050_Init)
    i.MPU6050_ReadRawZ                       0x08002478   Section        0  mpu6050.o(i.MPU6050_ReadRawZ)
    i.Motor_Drive                            0x080024c4   Section        0  motor.o(i.Motor_Drive)
    i.Motor_Init                             0x0800260c   Section        0  motor.o(i.Motor_Init)
    i.OnConnect                              0x080027d4   Section        0  main.o(i.OnConnect)
    OnConnect                                0x080027d5   Thumb Code    76  main.o(i.OnConnect)
    i.OnDisconnect                           0x08002824   Section        0  main.o(i.OnDisconnect)
    OnDisconnect                             0x08002825   Thumb Code    82  main.o(i.OnDisconnect)
    i.OnShutdown                             0x0800287c   Section        0  main.o(i.OnShutdown)
    OnShutdown                               0x0800287d   Thumb Code    36  main.o(i.OnShutdown)
    i.OnStartup                              0x080028a4   Section        0  main.o(i.OnStartup)
    OnStartup                                0x080028a5   Thumb Code   226  main.o(i.OnStartup)
    i.RCC_Init                               0x08002994   Section        0  rcc.o(i.RCC_Init)
    i.SysTick_Handler                        0x08002a34   Section        0  tim.o(i.SysTick_Handler)
    i.SystemCoreClockUpdate                  0x08002a44   Section        0  system_stm32f0xx.o(i.SystemCoreClockUpdate)
    i.SystemInit                             0x08002af4   Section        0  system_stm32f0xx.o(i.SystemInit)
    i.TIM16_IRQHandler                       0x08002b68   Section        0  mpu6050.o(i.TIM16_IRQHandler)
    i.TIM17_IRQHandler                       0x08002c24   Section        0  motor.o(i.TIM17_IRQHandler)
    i.TIM_Delay                              0x08002d40   Section        0  tim.o(i.TIM_Delay)
    i.UART_Init                              0x08002d58   Section        0  usart.o(i.UART_Init)
    i.UART_RXNE                              0x08002e60   Section        0  usart.o(i.UART_RXNE)
    i.UART_ReadBuffer                        0x08002e84   Section        0  usart.o(i.UART_ReadBuffer)
    i.UART_WriteBytes                        0x08002ecc   Section        0  usart.o(i.UART_WriteBytes)
    i.USART1_IRQHandler                      0x08002f10   Section        0  usart.o(i.USART1_IRQHandler)
    i.WS2812B_Init                           0x08002f78   Section        0  ws2812b.o(i.WS2812B_Init)
    i.WS_CodeToRGB                           0x0800304c   Section        0  ws2812b.o(i.WS_CodeToRGB)
    WS_CodeToRGB                             0x0800304d   Thumb Code   172  ws2812b.o(i.WS_CodeToRGB)
    i.WS_Queue                               0x080030f8   Section        0  ws2812b.o(i.WS_Queue)
    i.WS_QueueSimple                         0x08003120   Section        0  ws2812b.o(i.WS_QueueSimple)
    i.WS_Send                                0x0800316c   Section        0  ws2812b.o(i.WS_Send)
    i.WS_UpdateData                          0x08003210   Section        0  ws2812b.o(i.WS_UpdateData)
    WS_UpdateData                            0x08003211   Thumb Code   372  ws2812b.o(i.WS_UpdateData)
    i.__ARM_common_switch8                   0x0800338c   Section        0  ws2812b.o(i.__ARM_common_switch8)
    i.__NVIC_EnableIRQ                       0x080033a8   Section        0  usart.o(i.__NVIC_EnableIRQ)
    __NVIC_EnableIRQ                         0x080033a9   Thumb Code    26  usart.o(i.__NVIC_EnableIRQ)
    i.__NVIC_SetPriority                     0x080033c8   Section        0  main.o(i.__NVIC_SetPriority)
    __NVIC_SetPriority                       0x080033c9   Thumb Code   110  main.o(i.__NVIC_SetPriority)
    i.__NVIC_SetPriority                     0x08003440   Section        0  motor.o(i.__NVIC_SetPriority)
    __NVIC_SetPriority                       0x08003441   Thumb Code   110  motor.o(i.__NVIC_SetPriority)
    i.main                                   0x080034b8   Section        0  main.o(i.main)
    i.map                                    0x08003654   Section        0  data_handler.o(i.map)
    map                                      0x08003655   Thumb Code    46  data_handler.o(i.map)
    x$fpl$dleqf                              0x08003684   Section      100  dlef.o(x$fpl$dleqf)
    x$fpl$fadd                               0x080036e8   Section      140  faddsub.o(x$fpl$fadd)
    _fadd1                                   0x080036f5   Thumb Code     0  faddsub.o(x$fpl$fadd)
    x$fpl$fleqf                              0x08003774   Section       84  flef.o(x$fpl$fleqf)
    x$fpl$fmul                               0x080037c8   Section      176  fmul.o(x$fpl$fmul)
    x$fpl$frleqf                             0x08003878   Section       88  frlef.o(x$fpl$frleqf)
    x$fpl$fsub                               0x080038d0   Section      208  faddsub.o(x$fpl$fsub)
    _fsub1                                   0x080038dd   Thumb Code     0  faddsub.o(x$fpl$fsub)
    .constdata                               0x080039a0   Section       19  data_handler.o(.constdata)
    x$fpl$usenofp                            0x080039a0   Section        0  usenofp.o(x$fpl$usenofp)
    CMD_ARG_NUM                              0x080039a0   Data          17  data_handler.o(.constdata)
    stop_bytes                               0x080039b1   Data           2  data_handler.o(.constdata)
    .constdata                               0x080039b3   Section       24  system_stm32f0xx.o(.constdata)
    .constdata                               0x080039cb   Section      128  ddiv.o(.constdata)
    ddiv_reciptbl                            0x080039cb   Data         128  ddiv.o(.constdata)
    .constdata                               0x08003a4b   Section       64  fdiv.o(.constdata)
    fdiv_tab                                 0x08003a4b   Data          64  fdiv.o(.constdata)
    .data                                    0x20000000   Section        1  main.o(.data)
    connected                                0x20000000   Data           1  main.o(.data)
    .data                                    0x20000004   Section        8  mpu6050.o(.data)
    g_yaw                                    0x20000004   Data           4  mpu6050.o(.data)
    g_gyro_z_error                           0x20000008   Data           4  mpu6050.o(.data)
    .data                                    0x2000000c   Section       40  motor.o(.data)
    g_yaw                                    0x20000010   Data           4  motor.o(.data)
    g_gyro_z_error                           0x20000014   Data           4  motor.o(.data)
    g_desired_angle                          0x20000018   Data           4  motor.o(.data)
    g_speed                                  0x2000001c   Data           1  motor.o(.data)
    g_loading_speed                          0x2000001d   Data           1  motor.o(.data)
    g_duration                               0x20000020   Data           4  motor.o(.data)
    g_start_time                             0x20000024   Data           4  motor.o(.data)
    g_forward                                0x20000028   Data           1  motor.o(.data)
    g_block_check_last_yaw                   0x2000002c   Data           4  motor.o(.data)
    .data                                    0x20000034   Section       28  data_handler.o(.data)
    .data                                    0x20000050   Section        4  tim.o(.data)
    .data                                    0x20000054   Section        3  usart.o(.data)
    buffer_in_pos                            0x20000055   Data           1  usart.o(.data)
    time_out                                 0x20000056   Data           1  usart.o(.data)
    .data                                    0x20000058   Section        4  system_stm32f0xx.o(.data)
    .bss                                     0x2000005c   Section       66  ws2812b.o(.bss)
    rgb_values                               0x2000005c   Data          18  ws2812b.o(.bss)
    ws_data                                  0x2000006e   Data          48  ws2812b.o(.bss)
    .bss                                     0x2000009e   Section       30  usart.o(.bss)
    .bss                                     0x200000bc   Section       96  libspace.o(.bss)
    HEAP                                     0x20000120   Section      512  startup_stm32f030x6.o(HEAP)
    Heap_Mem                                 0x20000120   Data         512  startup_stm32f030x6.o(HEAP)
    STACK                                    0x20000320   Section     1024  startup_stm32f030x6.o(STACK)
    Stack_Mem                                0x20000320   Data        1024  startup_stm32f030x6.o(STACK)
    __initial_sp                             0x20000720   Data           0  startup_stm32f030x6.o(STACK)

    Global Symbols

    Symbol Name                              Value     Ov Type        Size  Object(Section)

    BuildAttributes$$THM_ISAv3M$S$PE$A:L22$X:L11$S22$IEEE1$IW$USESV6$~STKCKD$USESV7$~SHL$OTIME$ROPI$IEEEJ$EBA8$UX$STANDARDLIB$REQ8$PRES8$EABIv2 0x00000000   Number         0  anon$$obj.o ABSOLUTE
    __ARM_use_no_argv                        0x00000000   Number         0  main.o ABSOLUTE
    _printf_flags                            0x00000000   Number         0  printf_stubs.o ABSOLUTE
    _printf_return_value                     0x00000000   Number         0  printf_stubs.o ABSOLUTE
    _printf_sizespec                         0x00000000   Number         0  printf_stubs.o ABSOLUTE
    _printf_widthprec                        0x00000000   Number         0  printf_stubs.o ABSOLUTE
    __ARM_exceptions_init                     - Undefined Weak Reference
    __alloca_initialize                       - Undefined Weak Reference
    __arm_fini_                               - Undefined Weak Reference
    __arm_preinit_                            - Undefined Weak Reference
    __cpp_initialize__aeabi_                  - Undefined Weak Reference
    __cxa_finalize                            - Undefined Weak Reference
    __sigvec_lookup                           - Undefined Weak Reference
    __user_heap_extent                        - Undefined Weak Reference
    _atexit_init                              - Undefined Weak Reference
    _call_atexit_fns                          - Undefined Weak Reference
    _clock_init                               - Undefined Weak Reference
    _fp_trap_init                             - Undefined Weak Reference
    _fp_trap_shutdown                         - Undefined Weak Reference
    _get_lc_collate                           - Undefined Weak Reference
    _get_lc_monetary                          - Undefined Weak Reference
    _get_lc_time                              - Undefined Weak Reference
    _getenv_init                              - Undefined Weak Reference
    _handle_redirection                       - Undefined Weak Reference
    _initio                                   - Undefined Weak Reference
    _mutex_acquire                            - Undefined Weak Reference
    _mutex_free                               - Undefined Weak Reference
    _mutex_release                            - Undefined Weak Reference
    _printf_mbtowc                            - Undefined Weak Reference
    _printf_wc                                - Undefined Weak Reference
    _rand_init                                - Undefined Weak Reference
    _signal_finish                            - Undefined Weak Reference
    _signal_init                              - Undefined Weak Reference
    _terminateio                              - Undefined Weak Reference
    __Vectors_Size                           0x000000b0   Number         0  startup_stm32f030x6.o ABSOLUTE
    __Vectors                                0x08000000   Data           4  startup_stm32f030x6.o(RESET)
    __Vectors_End                            0x080000b0   Data           0  startup_stm32f030x6.o(RESET)
    __main                                   0x080000b1   Thumb Code     8  __main.o(!!!main)
    __scatterload                            0x080000b9   Thumb Code     0  __scatter.o(!!!scatter)
    __scatterload_rt2                        0x080000b9   Thumb Code    52  __scatter.o(!!!scatter)
    __scatterload_rt2_thumb_only             0x080000b9   Thumb Code     0  __scatter.o(!!!scatter)
    __scatterload_null                       0x080000c9   Thumb Code     0  __scatter.o(!!!scatter)
    __scatterload_copy                       0x080000f5   Thumb Code    26  __scatter_copy.o(!!handler_copy)
    __scatterload_zeroinit                   0x08000111   Thumb Code    28  __scatter_zi.o(!!handler_zi)
    __rt_lib_init                            0x0800012d   Thumb Code     0  libinit.o(.ARM.Collect$$libinit$$00000000)
    __rt_lib_init_fp_1                       0x0800012f   Thumb Code     0  libinit2.o(.ARM.Collect$$libinit$$00000002)
    __rt_lib_init_heap_2                     0x0800012f   Thumb Code     0  libinit2.o(.ARM.Collect$$libinit$$00000005)
    __rt_lib_init_preinit_1                  0x0800012f   Thumb Code     0  libinit2.o(.ARM.Collect$$libinit$$00000004)
    __rt_lib_init_alloca_1                   0x08000137   Thumb Code     0  libinit2.o(.ARM.Collect$$libinit$$0000002E)
    __rt_lib_init_argv_1                     0x08000137   Thumb Code     0  libinit2.o(.ARM.Collect$$libinit$$0000002C)
    __rt_lib_init_atexit_1                   0x08000137   Thumb Code     0  libinit2.o(.ARM.Collect$$libinit$$0000001B)
    __rt_lib_init_clock_1                    0x08000137   Thumb Code     0  libinit2.o(.ARM.Collect$$libinit$$00000021)
    __rt_lib_init_cpp_1                      0x08000137   Thumb Code     0  libinit2.o(.ARM.Collect$$libinit$$00000032)
    __rt_lib_init_exceptions_1               0x08000137   Thumb Code     0  libinit2.o(.ARM.Collect$$libinit$$00000030)
    __rt_lib_init_fp_trap_1                  0x08000137   Thumb Code     0  libinit2.o(.ARM.Collect$$libinit$$0000001F)
    __rt_lib_init_getenv_1                   0x08000137   Thumb Code     0  libinit2.o(.ARM.Collect$$libinit$$00000023)
    __rt_lib_init_heap_1                     0x08000137   Thumb Code     0  libinit2.o(.ARM.Collect$$libinit$$0000000A)
    __rt_lib_init_lc_collate_1               0x08000137   Thumb Code     0  libinit2.o(.ARM.Collect$$libinit$$00000011)
    __rt_lib_init_lc_ctype_1                 0x08000137   Thumb Code     0  libinit2.o(.ARM.Collect$$libinit$$00000013)
    __rt_lib_init_lc_monetary_1              0x08000137   Thumb Code     0  libinit2.o(.ARM.Collect$$libinit$$00000015)
    __rt_lib_init_lc_numeric_1               0x08000137   Thumb Code     0  libinit2.o(.ARM.Collect$$libinit$$00000017)
    __rt_lib_init_lc_time_1                  0x08000137   Thumb Code     0  libinit2.o(.ARM.Collect$$libinit$$00000019)
    __rt_lib_init_rand_1                     0x08000137   Thumb Code     0  libinit2.o(.ARM.Collect$$libinit$$0000000E)
    __rt_lib_init_return                     0x08000137   Thumb Code     0  libinit2.o(.ARM.Collect$$libinit$$00000033)
    __rt_lib_init_signal_1                   0x08000137   Thumb Code     0  libinit2.o(.ARM.Collect$$libinit$$0000001D)
    __rt_lib_init_stdio_1                    0x08000137   Thumb Code     0  libinit2.o(.ARM.Collect$$libinit$$00000025)
    __rt_lib_init_user_alloc_1               0x08000137   Thumb Code     0  libinit2.o(.ARM.Collect$$libinit$$0000000C)
    __rt_lib_shutdown                        0x08000139   Thumb Code     0  libshutdown.o(.ARM.Collect$$libshutdown$$00000000)
    __rt_lib_shutdown_cpp_1                  0x0800013b   Thumb Code     0  libshutdown2.o(.ARM.Collect$$libshutdown$$00000004)
    __rt_lib_shutdown_fini_1                 0x0800013b   Thumb Code     0  libshutdown2.o(.ARM.Collect$$libshutdown$$00000002)
    __rt_lib_shutdown_fp_trap_1              0x0800013b   Thumb Code     0  libshutdown2.o(.ARM.Collect$$libshutdown$$00000009)
    __rt_lib_shutdown_heap_1                 0x0800013b   Thumb Code     0  libshutdown2.o(.ARM.Collect$$libshutdown$$00000011)
    __rt_lib_shutdown_return                 0x0800013b   Thumb Code     0  libshutdown2.o(.ARM.Collect$$libshutdown$$00000012)
    __rt_lib_shutdown_signal_1               0x0800013b   Thumb Code     0  libshutdown2.o(.ARM.Collect$$libshutdown$$0000000C)
    __rt_lib_shutdown_stdio_1                0x0800013b   Thumb Code     0  libshutdown2.o(.ARM.Collect$$libshutdown$$00000006)
    __rt_lib_shutdown_user_alloc_1           0x0800013b   Thumb Code     0  libshutdown2.o(.ARM.Collect$$libshutdown$$0000000E)
    __rt_entry                               0x0800013d   Thumb Code     0  __rtentry.o(.ARM.Collect$$rtentry$$00000000)
    __rt_entry_presh_1                       0x0800013d   Thumb Code     0  __rtentry2.o(.ARM.Collect$$rtentry$$00000002)
    __rt_entry_sh                            0x0800013d   Thumb Code     0  __rtentry4.o(.ARM.Collect$$rtentry$$00000004)
    __rt_entry_li                            0x08000143   Thumb Code     0  __rtentry2.o(.ARM.Collect$$rtentry$$0000000A)
    __rt_entry_postsh_1                      0x08000143   Thumb Code     0  __rtentry2.o(.ARM.Collect$$rtentry$$00000009)
    __rt_entry_main                          0x08000147   Thumb Code     0  __rtentry2.o(.ARM.Collect$$rtentry$$0000000D)
    __rt_entry_postli_1                      0x08000147   Thumb Code     0  __rtentry2.o(.ARM.Collect$$rtentry$$0000000C)
    __rt_exit                                0x0800014f   Thumb Code     0  rtexit.o(.ARM.Collect$$rtexit$$00000000)
    __rt_exit_ls                             0x08000151   Thumb Code     0  rtexit2.o(.ARM.Collect$$rtexit$$00000003)
    __rt_exit_prels_1                        0x08000151   Thumb Code     0  rtexit2.o(.ARM.Collect$$rtexit$$00000002)
    __rt_exit_exit                           0x08000155   Thumb Code     0  rtexit2.o(.ARM.Collect$$rtexit$$00000004)
    Reset_Handler                            0x0800015d   Thumb Code     8  startup_stm32f030x6.o(.text)
    _maybe_terminate_alloc                   0x0800015d   Thumb Code     0  maybetermalloc1.o(.emb_text)
    NMI_Handler                              0x08000165   Thumb Code     2  startup_stm32f030x6.o(.text)
    HardFault_Handler                        0x08000167   Thumb Code     2  startup_stm32f030x6.o(.text)
    SVC_Handler                              0x08000169   Thumb Code     2  startup_stm32f030x6.o(.text)
    PendSV_Handler                           0x0800016b   Thumb Code     2  startup_stm32f030x6.o(.text)
    ADC1_IRQHandler                          0x0800016f   Thumb Code     0  startup_stm32f030x6.o(.text)
    DMA1_Channel1_IRQHandler                 0x0800016f   Thumb Code     0  startup_stm32f030x6.o(.text)
    DMA1_Channel2_3_IRQHandler               0x0800016f   Thumb Code     0  startup_stm32f030x6.o(.text)
    EXTI0_1_IRQHandler                       0x0800016f   Thumb Code     0  startup_stm32f030x6.o(.text)
    EXTI2_3_IRQHandler                       0x0800016f   Thumb Code     0  startup_stm32f030x6.o(.text)
    EXTI4_15_IRQHandler                      0x0800016f   Thumb Code     0  startup_stm32f030x6.o(.text)
    FLASH_IRQHandler                         0x0800016f   Thumb Code     0  startup_stm32f030x6.o(.text)
    I2C1_IRQHandler                          0x0800016f   Thumb Code     0  startup_stm32f030x6.o(.text)
    RCC_IRQHandler                           0x0800016f   Thumb Code     0  startup_stm32f030x6.o(.text)
    RTC_IRQHandler                           0x0800016f   Thumb Code     0  startup_stm32f030x6.o(.text)
    SPI1_IRQHandler                          0x0800016f   Thumb Code     0  startup_stm32f030x6.o(.text)
    TIM14_IRQHandler                         0x0800016f   Thumb Code     0  startup_stm32f030x6.o(.text)
    TIM1_BRK_UP_TRG_COM_IRQHandler           0x0800016f   Thumb Code     0  startup_stm32f030x6.o(.text)
    TIM1_CC_IRQHandler                       0x0800016f   Thumb Code     0  startup_stm32f030x6.o(.text)
    TIM3_IRQHandler                          0x0800016f   Thumb Code     0  startup_stm32f030x6.o(.text)
    WWDG_IRQHandler                          0x0800016f   Thumb Code     0  startup_stm32f030x6.o(.text)
    __user_initial_stackheap                 0x08000171   Thumb Code     0  startup_stm32f030x6.o(.text)
    malloc                                   0x08000195   Thumb Code    98  h1_alloc.o(.text)
    free                                     0x080001f7   Thumb Code    76  h1_free.o(.text)
    __aeabi_uidiv                            0x08000243   Thumb Code     0  aeabi_sdiv.o(.text)
    __aeabi_uidivmod                         0x08000243   Thumb Code    20  aeabi_sdiv.o(.text)
    __aeabi_idiv                             0x08000257   Thumb Code     0  aeabi_sdiv.o(.text)
    __aeabi_idivmod                          0x08000257   Thumb Code   326  aeabi_sdiv.o(.text)
    __use_two_region_memory                  0x0800039d   Thumb Code     2  heapauxi.o(.text)
    __rt_heap_escrow                         0x0800039f   Thumb Code     2  heapauxi.o(.text)
    __rt_heap_expand                         0x080003a1   Thumb Code     2  heapauxi.o(.text)
    __aeabi_d2f                              0x080003a5   Thumb Code     0  d2f.o(.text)
    _d2f                                     0x080003a5   Thumb Code   120  d2f.o(.text)
    __aeabi_dadd                             0x08000719   Thumb Code     0  daddsub.o(.text)
    _dadd                                    0x08000719   Thumb Code    26  daddsub.o(.text)
    __aeabi_dsub                             0x08000733   Thumb Code     0  daddsub.o(.text)
    _dsub                                    0x08000733   Thumb Code    22  daddsub.o(.text)
    __aeabi_drsub                            0x08000749   Thumb Code     0  daddsub.o(.text)
    _drsb                                    0x08000749   Thumb Code    28  daddsub.o(.text)
    __aeabi_ddiv                             0x08000779   Thumb Code     0  ddiv.o(.text)
    _ddiv                                    0x08000779   Thumb Code  1072  ddiv.o(.text)
    _drdiv                                   0x08000ba9   Thumb Code    20  ddiv.o(.text)
    __aeabi_d2uiz                            0x08000bc1   Thumb Code     0  dfixui.o(.text)
    _dfixu                                   0x08000bc1   Thumb Code    68  dfixui.o(.text)
    __aeabi_i2d_normalise                    0x08000c09   Thumb Code    66  dflti.o(.text)
    __aeabi_i2d                              0x08000c4b   Thumb Code    16  dflti.o(.text)
    _dflt                                    0x08000c4b   Thumb Code     0  dflti.o(.text)
    __aeabi_ui2d                             0x08000c5b   Thumb Code     6  dflti.o(.text)
    _dfltu                                   0x08000c5b   Thumb Code     0  dflti.o(.text)
    __aeabi_dmul                             0x08000c61   Thumb Code     0  dmul.o(.text)
    _dmul                                    0x08000c61   Thumb Code   558  dmul.o(.text)
    __aeabi_f2d                              0x08000ea9   Thumb Code     0  f2d.o(.text)
    _f2d                                     0x08000ea9   Thumb Code    80  f2d.o(.text)
    __aeabi_fdiv                             0x08000efd   Thumb Code     0  fdiv.o(.text)
    _fdiv                                    0x08000efd   Thumb Code   334  fdiv.o(.text)
    _frdiv                                   0x0800104b   Thumb Code     8  fdiv.o(.text)
    __aeabi_f2uiz                            0x0800105d   Thumb Code     0  ffixui.o(.text)
    _ffixu                                   0x0800105d   Thumb Code    48  ffixui.o(.text)
    __aeabi_i2f_normalise                    0x0800108d   Thumb Code    72  fflti.o(.text)
    __aeabi_i2f                              0x080010d5   Thumb Code    16  fflti.o(.text)
    _fflt                                    0x080010d5   Thumb Code     0  fflti.o(.text)
    __aeabi_ui2f                             0x080010e5   Thumb Code     6  fflti.o(.text)
    _ffltu                                   0x080010e5   Thumb Code     0  fflti.o(.text)
    __rt_heap_descriptor                     0x080010ed   Thumb Code     8  rt_heap_descriptor_intlibspace.o(.text)
    __use_no_heap                            0x080010f5   Thumb Code     2  hguard.o(.text)
    __heap$guard                             0x080010f7   Thumb Code     2  hguard.o(.text)
    _terminate_user_alloc                    0x080010f9   Thumb Code     2  init_alloc.o(.text)
    _init_user_alloc                         0x080010fb   Thumb Code     2  init_alloc.o(.text)
    __Heap_Full                              0x080010fd   Thumb Code    32  init_alloc.o(.text)
    __Heap_Broken                            0x0800111d   Thumb Code    10  init_alloc.o(.text)
    _init_alloc                              0x08001127   Thumb Code    90  init_alloc.o(.text)
    __Heap_Initialize                        0x08001181   Thumb Code    10  h1_init.o(.text)
    __Heap_DescSize                          0x0800118b   Thumb Code     4  h1_init.o(.text)
    __fpl_dcmp_InfNaN                        0x08001191   Thumb Code   140  dcmpin.o(.text)
    __fpl_fcmp_InfNaN                        0x08001221   Thumb Code    96  fcmpin.o(.text)
    __user_libspace                          0x08001285   Thumb Code     8  libspace.o(.text)
    __user_perproc_libspace                  0x08001285   Thumb Code     0  libspace.o(.text)
    __user_perthread_libspace                0x08001285   Thumb Code     0  libspace.o(.text)
    __Heap_ProvideMemory                     0x0800128d   Thumb Code    52  h1_extend.o(.text)
    __rt_SIGRTMEM                            0x080012c1   Thumb Code    12  defsig_rtmem_outer.o(.text)
    __fpl_cmpreturn                          0x080012cd   Thumb Code    46  cmpret.o(.text)
    __fpl_dcheck_NaN2                        0x080012fd   Thumb Code    14  dnan2.o(.text)
    __fpl_fcheck_NaN2                        0x08001311   Thumb Code    10  fnan2.o(.text)
    __I$use$semihosting                      0x08001321   Thumb Code     0  use_no_semi.o(.text)
    __use_no_semihosting_swi                 0x08001321   Thumb Code     2  use_no_semi.o(.text)
    __semihosting_library_function           0x08001323   Thumb Code     0  indicate_semi.o(.text)
    __user_setup_stackheap                   0x08001323   Thumb Code    62  sys_stackheap_outer.o(.text)
    exit                                     0x08001361   Thumb Code    16  exit.o(.text)
    __sig_exit                               0x08001371   Thumb Code    12  defsig_exit.o(.text)
    __rt_SIGRTMEM_inner                      0x0800137d   Thumb Code    22  defsig_rtmem_inner.o(.text)
    __fpl_return_NaN                         0x080013cd   Thumb Code    94  retnan.o(.text)
    _sys_exit                                0x0800142d   Thumb Code     8  sys_exit.o(.text)
    __default_signal_display                 0x08001439   Thumb Code    52  defsig_general.o(.text)
    _ttywrch                                 0x0800146d   Thumb Code    12  sys_wrch.o(.text)
    ADC_Init                                 0x08001479   Thumb Code   174  adc.o(i.ADC_Init)
    ADC_Read                                 0x08001531   Thumb Code    36  adc.o(i.ADC_Read)
    Buzzer_Init                              0x080015a9   Thumb Code    64  buzzer.o(i.Buzzer_Init)
    Buzzer_Tone                              0x080015f1   Thumb Code    94  buzzer.o(i.Buzzer_Tone)
    Buzzer_ToneStart                         0x08001659   Thumb Code    64  buzzer.o(i.Buzzer_ToneStart)
    Buzzer_ToneStop                          0x080016a1   Thumb Code    24  buzzer.o(i.Buzzer_ToneStop)
    CNTRLR_StartForward                      0x080018f9   Thumb Code    68  motor.o(i.CNTRLR_StartForward)
    CNTRLR_StartTurn                         0x08001965   Thumb Code    56  motor.o(i.CNTRLR_StartTurn)
    CNTRLR_Stop                              0x080019bd   Thumb Code    40  motor.o(i.CNTRLR_Stop)
    DMA1_Channel4_5_IRQHandler               0x08001b2d   Thumb Code   108  usart.o(i.DMA1_Channel4_5_IRQHandler)
    Data_Handler_Handle                      0x08001ba5   Thumb Code   892  data_handler.o(i.Data_Handler_Handle)
    Data_Handler_Stop                        0x08001f59   Thumb Code    42  data_handler.o(i.Data_Handler_Stop)
    Execute                                  0x08001f89   Thumb Code    18  data_handler.o(i.Execute)
    FLASH_Init                               0x08001fa1   Thumb Code    14  flash.o(i.FLASH_Init)
    GPIO_Init                                0x08001ff1   Thumb Code   520  gpio.o(i.GPIO_Init)
    GPIO_ReadPin                             0x08002201   Thumb Code    12  gpio.o(i.GPIO_ReadPin)
    GPIO_WritePin                            0x0800220d   Thumb Code    26  gpio.o(i.GPIO_WritePin)
    I2C_Init                                 0x08002229   Thumb Code    34  i2c.o(i.I2C_Init)
    I2C_Read                                 0x08002259   Thumb Code   194  i2c.o(i.I2C_Read)
    I2C_Transfer                             0x08002369   Thumb Code   128  i2c.o(i.I2C_Transfer)
    MPU6050_CalculateError                   0x080023ed   Thumb Code    56  mpu6050.o(i.MPU6050_CalculateError)
    MPU6050_Init                             0x08002429   Thumb Code    78  mpu6050.o(i.MPU6050_Init)
    MPU6050_ReadRawZ                         0x08002479   Thumb Code    70  mpu6050.o(i.MPU6050_ReadRawZ)
    Motor_Drive                              0x080024c5   Thumb Code   320  motor.o(i.Motor_Drive)
    Motor_Init                               0x0800260d   Thumb Code   420  motor.o(i.Motor_Init)
    RCC_Init                                 0x08002995   Thumb Code   154  rcc.o(i.RCC_Init)
    SysTick_Handler                          0x08002a35   Thumb Code    12  tim.o(i.SysTick_Handler)
    SystemCoreClockUpdate                    0x08002a45   Thumb Code   156  system_stm32f0xx.o(i.SystemCoreClockUpdate)
    SystemInit                               0x08002af5   Thumb Code   104  system_stm32f0xx.o(i.SystemInit)
    TIM16_IRQHandler                         0x08002b69   Thumb Code   164  mpu6050.o(i.TIM16_IRQHandler)
    TIM17_IRQHandler                         0x08002c25   Thumb Code   252  motor.o(i.TIM17_IRQHandler)
    TIM_Delay                                0x08002d41   Thumb Code    18  tim.o(i.TIM_Delay)
    UART_Init                                0x08002d59   Thumb Code   234  usart.o(i.UART_Init)
    UART_RXNE                                0x08002e61   Thumb Code    26  usart.o(i.UART_RXNE)
    UART_ReadBuffer                          0x08002e85   Thumb Code    64  usart.o(i.UART_ReadBuffer)
    UART_WriteBytes                          0x08002ecd   Thumb Code    54  usart.o(i.UART_WriteBytes)
    USART1_IRQHandler                        0x08002f11   Thumb Code    96  usart.o(i.USART1_IRQHandler)
    WS2812B_Init                             0x08002f79   Thumb Code   196  ws2812b.o(i.WS2812B_Init)
    WS_Queue                                 0x080030f9   Thumb Code    36  ws2812b.o(i.WS_Queue)
    WS_QueueSimple                           0x08003121   Thumb Code    74  ws2812b.o(i.WS_QueueSimple)
    WS_Send                                  0x0800316d   Thumb Code   156  ws2812b.o(i.WS_Send)
    __ARM_common_switch8                     0x0800338d   Thumb Code    28  ws2812b.o(i.__ARM_common_switch8)
    main                                     0x080034b9   Thumb Code   358  main.o(i.main)
    __aeabi_cdcmple                          0x08003685   Thumb Code     0  dlef.o(x$fpl$dleqf)
    _dcmple                                  0x08003685   Thumb Code    94  dlef.o(x$fpl$dleqf)
    __aeabi_fadd                             0x080036e9   Thumb Code     0  faddsub.o(x$fpl$fadd)
    _fadd                                    0x080036e9   Thumb Code   134  faddsub.o(x$fpl$fadd)
    __aeabi_cfcmple                          0x08003775   Thumb Code     0  flef.o(x$fpl$fleqf)
    _fcmple                                  0x08003775   Thumb Code    78  flef.o(x$fpl$fleqf)
    __aeabi_fmul                             0x080037c9   Thumb Code     0  fmul.o(x$fpl$fmul)
    _fmul                                    0x080037c9   Thumb Code   172  fmul.o(x$fpl$fmul)
    __aeabi_cfrcmple                         0x08003879   Thumb Code     0  frlef.o(x$fpl$frleqf)
    _frcmple                                 0x08003879   Thumb Code    84  frlef.o(x$fpl$frleqf)
    __aeabi_fsub                             0x080038d1   Thumb Code     0  faddsub.o(x$fpl$fsub)
    _fsub                                    0x080038d1   Thumb Code   204  faddsub.o(x$fpl$fsub)
    __I$use$fp                               0x080039a0   Number         0  usenofp.o(x$fpl$usenofp)
    AHBPrescTable                            0x080039b3   Data          16  system_stm32f0xx.o(.constdata)
    APBPrescTable                            0x080039c3   Data           8  system_stm32f0xx.o(.constdata)
    Region$$Table$$Base                      0x08003a8c   Number         0  anon$$obj.o(Region$$Table)
    Region$$Table$$Limit                     0x08003aac   Number         0  anon$$obj.o(Region$$Table)
    g_closed_loop_motion                     0x2000000c   Data           1  motor.o(.data)
    g_last_block_check                       0x20000030   Data           4  motor.o(.data)
    g_program_len                            0x20000034   Data           1  data_handler.o(.data)
    g_commands                               0x20000038   Data           4  data_handler.o(.data)
    is_executing                             0x2000003c   Data           1  data_handler.o(.data)
    g_executing_index                        0x2000003d   Data           1  data_handler.o(.data)
    g_wait_start                             0x20000040   Data           4  data_handler.o(.data)
    g_wait_duration                          0x20000044   Data           4  data_handler.o(.data)
    p1                                       0x20000048   Data           4  data_handler.o(.data)
    p2                                       0x2000004c   Data           4  data_handler.o(.data)
    ms_ticks                                 0x20000050   Data           4  tim.o(.data)
    tx_busy                                  0x20000054   Data           1  usart.o(.data)
    SystemCoreClock                          0x20000058   Data           4  system_stm32f0xx.o(.data)
    buffer_out                               0x2000009e   Data          10  usart.o(.bss)
    buffer_in                                0x200000a8   Data          20  usart.o(.bss)
    __libspace_start                         0x200000bc   Data          96  libspace.o(.bss)
    __temporary_stack_top$libspace           0x2000011c   Data           0  libspace.o(.bss)



==============================================================================

Memory Map of the image

  Image Entry point : 0x080000b1

  Load Region LR_IROM1 (Base: 0x08000000, Size: 0x00003b08, Max: 0x00008000, ABSOLUTE)

    Execution Region ER_IROM1 (Exec base: 0x08000000, Load base: 0x08000000, Size: 0x00003aac, Max: 0x00008000, ABSOLUTE)

    Exec Addr    Load Addr    Size         Type   Attr      Idx    E Section Name        Object

    0x08000000   0x08000000   0x000000b0   Data   RO          707    RESET               startup_stm32f030x6.o
    0x080000b0   0x080000b0   0x00000008   Code   RO          822  * !!!main             c_p.l(__main.o)
    0x080000b8   0x080000b8   0x0000003c   Code   RO         1237    !!!scatter          c_p.l(__scatter.o)
    0x080000f4   0x080000f4   0x0000001a   Code   RO         1239    !!handler_copy      c_p.l(__scatter_copy.o)
    0x0800010e   0x0800010e   0x00000002   PAD
    0x08000110   0x08000110   0x0000001c   Code   RO         1241    !!handler_zi        c_p.l(__scatter_zi.o)
    0x0800012c   0x0800012c   0x00000002   Code   RO         1162    .ARM.Collect$$libinit$$00000000  c_p.l(libinit.o)
    0x0800012e   0x0800012e   0x00000000   Code   RO          990    .ARM.Collect$$libinit$$00000002  c_p.l(libinit2.o)
    0x0800012e   0x0800012e   0x00000000   Code   RO          992    .ARM.Collect$$libinit$$00000004  c_p.l(libinit2.o)
    0x0800012e   0x0800012e   0x00000008   Code   RO          993    .ARM.Collect$$libinit$$00000005  c_p.l(libinit2.o)
    0x08000136   0x08000136   0x00000000   Code   RO          995    .ARM.Collect$$libinit$$0000000A  c_p.l(libinit2.o)
    0x08000136   0x08000136   0x00000000   Code   RO          997    .ARM.Collect$$libinit$$0000000C  c_p.l(libinit2.o)
    0x08000136   0x08000136   0x00000000   Code   RO          999    .ARM.Collect$$libinit$$0000000E  c_p.l(libinit2.o)
    0x08000136   0x08000136   0x00000000   Code   RO         1002    .ARM.Collect$$libinit$$00000011  c_p.l(libinit2.o)
    0x08000136   0x08000136   0x00000000   Code   RO         1004    .ARM.Collect$$libinit$$00000013  c_p.l(libinit2.o)
    0x08000136   0x08000136   0x00000000   Code   RO         1006    .ARM.Collect$$libinit$$00000015  c_p.l(libinit2.o)
    0x08000136   0x08000136   0x00000000   Code   RO         1008    .ARM.Collect$$libinit$$00000017  c_p.l(libinit2.o)
    0x08000136   0x08000136   0x00000000   Code   RO         1010    .ARM.Collect$$libinit$$00000019  c_p.l(libinit2.o)
    0x08000136   0x08000136   0x00000000   Code   RO         1012    .ARM.Collect$$libinit$$0000001B  c_p.l(libinit2.o)
    0x08000136   0x08000136   0x00000000   Code   RO         1014    .ARM.Collect$$libinit$$0000001D  c_p.l(libinit2.o)
    0x08000136   0x08000136   0x00000000   Code   RO         1016    .ARM.Collect$$libinit$$0000001F  c_p.l(libinit2.o)
    0x08000136   0x08000136   0x00000000   Code   RO         1018    .ARM.Collect$$libinit$$00000021  c_p.l(libinit2.o)
    0x08000136   0x08000136   0x00000000   Code   RO         1020    .ARM.Collect$$libinit$$00000023  c_p.l(libinit2.o)
    0x08000136   0x08000136   0x00000000   Code   RO         1022    .ARM.Collect$$libinit$$00000025  c_p.l(libinit2.o)
    0x08000136   0x08000136   0x00000000   Code   RO         1026    .ARM.Collect$$libinit$$0000002C  c_p.l(libinit2.o)
    0x08000136   0x08000136   0x00000000   Code   RO         1028    .ARM.Collect$$libinit$$0000002E  c_p.l(libinit2.o)
    0x08000136   0x08000136   0x00000000   Code   RO         1030    .ARM.Collect$$libinit$$00000030  c_p.l(libinit2.o)
    0x08000136   0x08000136   0x00000000   Code   RO         1032    .ARM.Collect$$libinit$$00000032  c_p.l(libinit2.o)
    0x08000136   0x08000136   0x00000002   Code   RO         1033    .ARM.Collect$$libinit$$00000033  c_p.l(libinit2.o)
    0x08000138   0x08000138   0x00000002   Code   RO         1234    .ARM.Collect$$libshutdown$$00000000  c_p.l(libshutdown.o)
    0x0800013a   0x0800013a   0x00000000   Code   RO         1190    .ARM.Collect$$libshutdown$$00000002  c_p.l(libshutdown2.o)
    0x0800013a   0x0800013a   0x00000000   Code   RO         1192    .ARM.Collect$$libshutdown$$00000004  c_p.l(libshutdown2.o)
    0x0800013a   0x0800013a   0x00000000   Code   RO         1194    .ARM.Collect$$libshutdown$$00000006  c_p.l(libshutdown2.o)
    0x0800013a   0x0800013a   0x00000000   Code   RO         1197    .ARM.Collect$$libshutdown$$00000009  c_p.l(libshutdown2.o)
    0x0800013a   0x0800013a   0x00000000   Code   RO         1200    .ARM.Collect$$libshutdown$$0000000C  c_p.l(libshutdown2.o)
    0x0800013a   0x0800013a   0x00000000   Code   RO         1202    .ARM.Collect$$libshutdown$$0000000E  c_p.l(libshutdown2.o)
    0x0800013a   0x0800013a   0x00000000   Code   RO         1205    .ARM.Collect$$libshutdown$$00000011  c_p.l(libshutdown2.o)
    0x0800013a   0x0800013a   0x00000002   Code   RO         1206    .ARM.Collect$$libshutdown$$00000012  c_p.l(libshutdown2.o)
    0x0800013c   0x0800013c   0x00000000   Code   RO          862    .ARM.Collect$$rtentry$$00000000  c_p.l(__rtentry.o)
    0x0800013c   0x0800013c   0x00000000   Code   RO         1053    .ARM.Collect$$rtentry$$00000002  c_p.l(__rtentry2.o)
    0x0800013c   0x0800013c   0x00000006   Code   RO         1065    .ARM.Collect$$rtentry$$00000004  c_p.l(__rtentry4.o)
    0x08000142   0x08000142   0x00000000   Code   RO         1055    .ARM.Collect$$rtentry$$00000009  c_p.l(__rtentry2.o)
    0x08000142   0x08000142   0x00000004   Code   RO         1056    .ARM.Collect$$rtentry$$0000000A  c_p.l(__rtentry2.o)
    0x08000146   0x08000146   0x00000000   Code   RO         1058    .ARM.Collect$$rtentry$$0000000C  c_p.l(__rtentry2.o)
    0x08000146   0x08000146   0x00000008   Code   RO         1059    .ARM.Collect$$rtentry$$0000000D  c_p.l(__rtentry2.o)
    0x0800014e   0x0800014e   0x00000002   Code   RO         1172    .ARM.Collect$$rtexit$$00000000  c_p.l(rtexit.o)
    0x08000150   0x08000150   0x00000000   Code   RO         1210    .ARM.Collect$$rtexit$$00000002  c_p.l(rtexit2.o)
    0x08000150   0x08000150   0x00000004   Code   RO         1211    .ARM.Collect$$rtexit$$00000003  c_p.l(rtexit2.o)
    0x08000154   0x08000154   0x00000006   Code   RO         1212    .ARM.Collect$$rtexit$$00000004  c_p.l(rtexit2.o)
    0x0800015a   0x0800015a   0x00000002   PAD
    0x0800015c   0x0800015c   0x00000000   Code   RO         1071    .emb_text           c_p.l(maybetermalloc1.o)
    0x0800015c   0x0800015c   0x00000038   Code   RO          708    .text               startup_stm32f030x6.o
    0x08000194   0x08000194   0x00000062   Code   RO          754    .text               c_p.l(h1_alloc.o)
    0x080001f6   0x080001f6   0x0000004c   Code   RO          756    .text               c_p.l(h1_free.o)
    0x08000242   0x08000242   0x0000015a   Code   RO          816    .text               c_p.l(aeabi_sdiv.o)
    0x0800039c   0x0800039c   0x00000006   Code   RO          820    .text               c_p.l(heapauxi.o)
    0x080003a2   0x080003a2   0x00000002   PAD
    0x080003a4   0x080003a4   0x0000007c   Code   RO          824    .text               fz_ps.l(d2f.o)
    0x08000420   0x08000420   0x00000358   Code   RO          826    .text               fz_ps.l(daddsub.o)
    0x08000778   0x08000778   0x00000448   Code   RO          828    .text               fz_ps.l(ddiv.o)
    0x08000bc0   0x08000bc0   0x00000048   Code   RO          831    .text               fz_ps.l(dfixui.o)
    0x08000c08   0x08000c08   0x00000058   Code   RO          833    .text               fz_ps.l(dflti.o)
    0x08000c60   0x08000c60   0x00000248   Code   RO          837    .text               fz_ps.l(dmul.o)
    0x08000ea8   0x08000ea8   0x00000054   Code   RO          839    .text               fz_ps.l(f2d.o)
    0x08000efc   0x08000efc   0x00000160   Code   RO          847    .text               fz_ps.l(fdiv.o)
    0x0800105c   0x0800105c   0x00000030   Code   RO          850    .text               fz_ps.l(ffixui.o)
    0x0800108c   0x0800108c   0x0000005e   Code   RO          852    .text               fz_ps.l(fflti.o)
    0x080010ea   0x080010ea   0x00000002   PAD
    0x080010ec   0x080010ec   0x00000008   Code   RO          870    .text               c_p.l(rt_heap_descriptor_intlibspace.o)
    0x080010f4   0x080010f4   0x00000004   Code   RO          872    .text               c_p.l(hguard.o)
    0x080010f8   0x080010f8   0x00000088   Code   RO          874    .text               c_p.l(init_alloc.o)
    0x08001180   0x08001180   0x0000000e   Code   RO          878    .text               c_p.l(h1_init.o)
    0x0800118e   0x0800118e   0x00000002   PAD
    0x08001190   0x08001190   0x00000090   Code   RO         1034    .text               fz_ps.l(dcmpin.o)
    0x08001220   0x08001220   0x00000064   Code   RO         1036    .text               fz_ps.l(fcmpin.o)
    0x08001284   0x08001284   0x00000008   Code   RO         1049    .text               c_p.l(libspace.o)
    0x0800128c   0x0800128c   0x00000034   Code   RO         1073    .text               c_p.l(h1_extend.o)
    0x080012c0   0x080012c0   0x0000000c   Code   RO         1095    .text               c_p.l(defsig_rtmem_outer.o)
    0x080012cc   0x080012cc   0x0000002e   Code   RO         1106    .text               fz_ps.l(cmpret.o)
    0x080012fa   0x080012fa   0x00000002   PAD
    0x080012fc   0x080012fc   0x00000014   Code   RO         1108    .text               fz_ps.l(dnan2.o)
    0x08001310   0x08001310   0x00000010   Code   RO         1110    .text               fz_ps.l(fnan2.o)
    0x08001320   0x08001320   0x00000002   Code   RO         1114    .text               c_p.l(use_no_semi.o)
    0x08001322   0x08001322   0x00000000   Code   RO         1116    .text               c_p.l(indicate_semi.o)
    0x08001322   0x08001322   0x0000003e   Code   RO         1117    .text               c_p.l(sys_stackheap_outer.o)
    0x08001360   0x08001360   0x00000010   Code   RO         1143    .text               c_p.l(exit.o)
    0x08001370   0x08001370   0x0000000c   Code   RO         1145    .text               c_p.l(defsig_exit.o)
    0x0800137c   0x0800137c   0x00000050   Code   RO         1151    .text               c_p.l(defsig_rtmem_inner.o)
    0x080013cc   0x080013cc   0x0000005e   Code   RO         1165    .text               fz_ps.l(retnan.o)
    0x0800142a   0x0800142a   0x00000002   PAD
    0x0800142c   0x0800142c   0x0000000c   Code   RO         1169    .text               c_p.l(sys_exit.o)
    0x08001438   0x08001438   0x00000034   Code   RO         1183    .text               c_p.l(defsig_general.o)
    0x0800146c   0x0800146c   0x0000000c   Code   RO         1207    .text               c_p.l(sys_wrch.o)
    0x08001478   0x08001478   0x000000b8   Code   RO          681    i.ADC_Init          adc.o
    0x08001530   0x08001530   0x00000028   Code   RO          682    i.ADC_Read          adc.o
    0x08001558   0x08001558   0x00000038   Code   RO          377    i.BTSendBatteryInfo  data_handler.o
    0x08001590   0x08001590   0x00000018   Code   RO            3    i.BatteryCheck      main.o
    0x080015a8   0x080015a8   0x00000048   Code   RO          339    i.Buzzer_Init       buzzer.o
    0x080015f0   0x080015f0   0x00000068   Code   RO          340    i.Buzzer_Tone       buzzer.o
    0x08001658   0x08001658   0x00000048   Code   RO          341    i.Buzzer_ToneStart  buzzer.o
    0x080016a0   0x080016a0   0x0000001c   Code   RO          342    i.Buzzer_ToneStop   buzzer.o
    0x080016bc   0x080016bc   0x00000040   Code   RO          256    i.CNTRLR_Block_Check  motor.o
    0x080016fc   0x080016fc   0x000001fc   Code   RO          257    i.CNTRLR_Forward    motor.o
    0x080018f8   0x080018f8   0x0000006c   Code   RO          258    i.CNTRLR_StartForward  motor.o
    0x08001964   0x08001964   0x00000058   Code   RO          259    i.CNTRLR_StartTurn  motor.o
    0x080019bc   0x080019bc   0x00000030   Code   RO          260    i.CNTRLR_Stop       motor.o
    0x080019ec   0x080019ec   0x00000140   Code   RO          261    i.CNTRLR_Turn       motor.o
    0x08001b2c   0x08001b2c   0x00000078   Code   RO          544    i.DMA1_Channel4_5_IRQHandler  usart.o
    0x08001ba4   0x08001ba4   0x000003b4   Code   RO          378    i.Data_Handler_Handle  data_handler.o
    0x08001f58   0x08001f58   0x00000030   Code   RO          379    i.Data_Handler_Stop  data_handler.o
    0x08001f88   0x08001f88   0x00000018   Code   RO          380    i.Execute           data_handler.o
    0x08001fa0   0x08001fa0   0x00000014   Code   RO          434    i.FLASH_Init        flash.o
    0x08001fb4   0x08001fb4   0x0000003c   Code   RO          381    i.FreeProgram       data_handler.o
    0x08001ff0   0x08001ff0   0x00000210   Code   RO          454    i.GPIO_Init         gpio.o
    0x08002200   0x08002200   0x0000000c   Code   RO          455    i.GPIO_ReadPin      gpio.o
    0x0800220c   0x0800220c   0x0000001a   Code   RO          457    i.GPIO_WritePin     gpio.o
    0x08002226   0x08002226   0x00000002   PAD
    0x08002228   0x08002228   0x00000030   Code   RO          612    i.I2C_Init          i2c.o
    0x08002258   0x08002258   0x000000c8   Code   RO          613    i.I2C_Read          i2c.o
    0x08002320   0x08002320   0x00000024   Code   RO          614    i.I2C_SendStart     i2c.o
    0x08002344   0x08002344   0x00000024   Code   RO          615    i.I2C_SendStop      i2c.o
    0x08002368   0x08002368   0x00000084   Code   RO          616    i.I2C_Transfer      i2c.o
    0x080023ec   0x080023ec   0x0000003c   Code   RO          164    i.MPU6050_CalculateError  mpu6050.o
    0x08002428   0x08002428   0x0000004e   Code   RO          165    i.MPU6050_Init      mpu6050.o
    0x08002476   0x08002476   0x00000002   PAD
    0x08002478   0x08002478   0x0000004c   Code   RO          166    i.MPU6050_ReadRawZ  mpu6050.o
    0x080024c4   0x080024c4   0x00000148   Code   RO          262    i.Motor_Drive       motor.o
    0x0800260c   0x0800260c   0x000001c8   Code   RO          263    i.Motor_Init        motor.o
    0x080027d4   0x080027d4   0x00000050   Code   RO            4    i.OnConnect         main.o
    0x08002824   0x08002824   0x00000058   Code   RO            5    i.OnDisconnect      main.o
    0x0800287c   0x0800287c   0x00000028   Code   RO            6    i.OnShutdown        main.o
    0x080028a4   0x080028a4   0x000000f0   Code   RO            7    i.OnStartup         main.o
    0x08002994   0x08002994   0x000000a0   Code   RO          492    i.RCC_Init          rcc.o
    0x08002a34   0x08002a34   0x00000010   Code   RO          512    i.SysTick_Handler   tim.o
    0x08002a44   0x08002a44   0x000000b0   Code   RO          714    i.SystemCoreClockUpdate  system_stm32f0xx.o
    0x08002af4   0x08002af4   0x00000074   Code   RO          715    i.SystemInit        system_stm32f0xx.o
    0x08002b68   0x08002b68   0x000000bc   Code   RO          167    i.TIM16_IRQHandler  mpu6050.o
    0x08002c24   0x08002c24   0x0000011c   Code   RO          264    i.TIM17_IRQHandler  motor.o
    0x08002d40   0x08002d40   0x00000018   Code   RO          513    i.TIM_Delay         tim.o
    0x08002d58   0x08002d58   0x00000108   Code   RO          545    i.UART_Init         usart.o
    0x08002e60   0x08002e60   0x00000024   Code   RO          546    i.UART_RXNE         usart.o
    0x08002e84   0x08002e84   0x00000048   Code   RO          547    i.UART_ReadBuffer   usart.o
    0x08002ecc   0x08002ecc   0x00000044   Code   RO          549    i.UART_WriteBytes   usart.o
    0x08002f10   0x08002f10   0x00000068   Code   RO          550    i.USART1_IRQHandler  usart.o
    0x08002f78   0x08002f78   0x000000d4   Code   RO          204    i.WS2812B_Init      ws2812b.o
    0x0800304c   0x0800304c   0x000000ac   Code   RO          205    i.WS_CodeToRGB      ws2812b.o
    0x080030f8   0x080030f8   0x00000028   Code   RO          206    i.WS_Queue          ws2812b.o
    0x08003120   0x08003120   0x0000004a   Code   RO          207    i.WS_QueueSimple    ws2812b.o
    0x0800316a   0x0800316a   0x00000002   PAD
    0x0800316c   0x0800316c   0x000000a4   Code   RO          208    i.WS_Send           ws2812b.o
    0x08003210   0x08003210   0x0000017c   Code   RO          209    i.WS_UpdateData     ws2812b.o
    0x0800338c   0x0800338c   0x0000001c   Code   RO          249    i.__ARM_common_switch8  ws2812b.o
    0x080033a8   0x080033a8   0x00000020   Code   RO          551    i.__NVIC_EnableIRQ  usart.o
    0x080033c8   0x080033c8   0x00000078   Code   RO            8    i.__NVIC_SetPriority  main.o
    0x08003440   0x08003440   0x00000078   Code   RO          265    i.__NVIC_SetPriority  motor.o
    0x080034b8   0x080034b8   0x0000019c   Code   RO            9    i.main              main.o
    0x08003654   0x08003654   0x0000002e   Code   RO          382    i.map               data_handler.o
    0x08003682   0x08003682   0x00000002   PAD
    0x08003684   0x08003684   0x00000064   Code   RO          835    x$fpl$dleqf         fz_ps.l(dlef.o)
    0x080036e8   0x080036e8   0x0000008c   Code   RO          841    x$fpl$fadd          fz_ps.l(faddsub.o)
    0x08003774   0x08003774   0x00000054   Code   RO          854    x$fpl$fleqf         fz_ps.l(flef.o)
    0x080037c8   0x080037c8   0x000000b0   Code   RO          856    x$fpl$fmul          fz_ps.l(fmul.o)
    0x08003878   0x08003878   0x00000058   Code   RO          858    x$fpl$frleqf        fz_ps.l(frlef.o)
    0x080038d0   0x080038d0   0x000000d0   Code   RO          843    x$fpl$fsub          fz_ps.l(faddsub.o)
    0x080039a0   0x080039a0   0x00000000   Code   RO         1046    x$fpl$usenofp       fz_ps.l(usenofp.o)
    0x080039a0   0x080039a0   0x00000013   Data   RO          383    .constdata          data_handler.o
    0x080039b3   0x080039b3   0x00000018   Data   RO          716    .constdata          system_stm32f0xx.o
    0x080039cb   0x080039cb   0x00000080   Data   RO          829    .constdata          fz_ps.l(ddiv.o)
    0x08003a4b   0x08003a4b   0x00000040   Data   RO          848    .constdata          fz_ps.l(fdiv.o)
    0x08003a8b   0x08003a8b   0x00000001   PAD
    0x08003a8c   0x08003a8c   0x00000020   Data   RO         1235    Region$$Table       anon$$obj.o


    Execution Region RW_IRAM1 (Exec base: 0x20000000, Load base: 0x08003aac, Size: 0x00000720, Max: 0x00001000, ABSOLUTE)

    Exec Addr    Load Addr    Size         Type   Attr      Idx    E Section Name        Object

    0x20000000   0x08003aac   0x00000001   Data   RW           10    .data               main.o
    0x20000001   0x08003aad   0x00000003   PAD
    0x20000004   0x08003ab0   0x00000008   Data   RW          168    .data               mpu6050.o
    0x2000000c   0x08003ab8   0x00000028   Data   RW          266    .data               motor.o
    0x20000034   0x08003ae0   0x0000001c   Data   RW          384    .data               data_handler.o
    0x20000050   0x08003afc   0x00000004   Data   RW          514    .data               tim.o
    0x20000054   0x08003b00   0x00000003   Data   RW          553    .data               usart.o
    0x20000057   0x08003b03   0x00000001   PAD
    0x20000058   0x08003b04   0x00000004   Data   RW          717    .data               system_stm32f0xx.o
    0x2000005c        -       0x00000042   Zero   RW          210    .bss                ws2812b.o
    0x2000009e        -       0x0000001e   Zero   RW          552    .bss                usart.o
    0x200000bc        -       0x00000060   Zero   RW         1050    .bss                c_p.l(libspace.o)
    0x2000011c   0x08003b08   0x00000004   PAD
    0x20000120        -       0x00000200   Zero   RW          706    HEAP                startup_stm32f030x6.o
    0x20000320        -       0x00000400   Zero   RW          705    STACK               startup_stm32f030x6.o


==============================================================================

Image component sizes


      Code (inc. data)   RO Data    RW Data    ZI Data      Debug   Object Name

       224         14          0          0          0        954   adc.o
       276         30          0          0          0       2041   buzzer.o
      1182        100         19         28          0       7321   data_handler.o
        20          6          0          0          0        433   flash.o
       566          8          0          0          0       2131   gpio.o
       452         32          0          0          0       3149   i2c.o
      1004         96          0          1          0     189738   main.o
      2324        290          0         40          0      15967   motor.o
       402         34          0          8          0       2682   mpu6050.o
       160          6          0          0          0        479   rcc.o
        56         26        176          0       1536        712   startup_stm32f030x6.o
       292         32         24          4          0       2387   system_stm32f0xx.o
        40         10          0          4          0       1617   tim.o
       696         88          0          3         30      12480   usart.o
      1070         48          0          0         66       5129   ws2812b.o

    ----------------------------------------------------------------------
      8772        820        251         92       1632     247220   Object Totals
         0          0         32          0          0          0   (incl. Generated)
         8          0          0          4          0          0   (incl. Padding)

    ----------------------------------------------------------------------

      Code (inc. data)   RO Data    RW Data    ZI Data      Debug   Library Member Name

         8          0          0          0          0         68   __main.o
         0          0          0          0          0          0   __rtentry.o
        12          0          0          0          0          0   __rtentry2.o
         6          0          0          0          0          0   __rtentry4.o
        60          8          0          0          0          0   __scatter.o
        26          0          0          0          0          0   __scatter_copy.o
        28          0          0          0          0          0   __scatter_zi.o
       346          0          0          0          0         92   aeabi_sdiv.o
        12          0          0          0          0         68   defsig_exit.o
        52          0          0          0          0         72   defsig_general.o
        80         58          0          0          0         68   defsig_rtmem_inner.o
        12          0          0          0          0         68   defsig_rtmem_outer.o
        16          0          0          0          0         68   exit.o
        98          0          0          0          0         72   h1_alloc.o
        52          0          0          0          0         68   h1_extend.o
        76          0          0          0          0         72   h1_free.o
        14          0          0          0          0         76   h1_init.o
         6          0          0          0          0        136   heapauxi.o
         4          0          0          0          0        120   hguard.o
         0          0          0          0          0          0   indicate_semi.o
       136          0          0          0          0        160   init_alloc.o
         2          0          0          0          0          0   libinit.o
        10          0          0          0          0          0   libinit2.o
         2          0          0          0          0          0   libshutdown.o
         2          0          0          0          0          0   libshutdown2.o
         8          4          0          0         96         68   libspace.o
         0          0          0          0          0          0   maybetermalloc1.o
         8          4          0          0          0         68   rt_heap_descriptor_intlibspace.o
         2          0          0          0          0          0   rtexit.o
        10          0          0          0          0          0   rtexit2.o
        12          4          0          0          0         60   sys_exit.o
        62          0          0          0          0         80   sys_stackheap_outer.o
        12          0          0          0          0         68   sys_wrch.o
         2          0          0          0          0         68   use_no_semi.o
        46          0          0          0          0         60   cmpret.o
       124          4          0          0          0         72   d2f.o
       856         20          0          0          0        208   daddsub.o
       144          4          0          0          0         76   dcmpin.o
      1096         26        128          0          0        112   ddiv.o
        72          4          0          0          0         68   dfixui.o
        88          0          0          0          0         92   dflti.o
       100          4          0          0          0         92   dlef.o
       584         26          0          0          0         84   dmul.o
        20          6          0          0          0         68   dnan2.o
        84          4          0          0          0         60   f2d.o
       348          8          0          0          0        160   faddsub.o
       100          4          0          0          0         68   fcmpin.o
       352         10         64          0          0         92   fdiv.o
        48          0          0          0          0         60   ffixui.o
        94          0          0          0          0         92   fflti.o
        84          4          0          0          0         76   flef.o
       176          4          0          0          0         80   fmul.o
        16          6          0          0          0         68   fnan2.o
        88          4          0          0          0         76   frlef.o
        94          0          0          0          0         68   retnan.o
         0          0          0          0          0          0   usenofp.o

    ----------------------------------------------------------------------
      5804        216        193          0        100       3452   Library Totals
        14          0          1          0          4          0   (incl. Padding)

    ----------------------------------------------------------------------

      Code (inc. data)   RO Data    RW Data    ZI Data      Debug   Library Name

      1176         78          0          0         96       1620   c_p.l
      4614        138        192          0          0       1832   fz_ps.l

    ----------------------------------------------------------------------
      5804        216        193          0        100       3452   Library Totals

    ----------------------------------------------------------------------

==============================================================================


      Code (inc. data)   RO Data    RW Data    ZI Data      Debug   

     14576       1036        444         92       1732     246336   Grand Totals
     14576       1036        444         92       1732     246336   ELF Image Totals
     14576       1036        444         92          0          0   ROM Totals

==============================================================================

    Total RO  Size (Code + RO Data)                15020 (  14.67kB)
    Total RW  Size (RW Data + ZI Data)              1824 (   1.78kB)
    Total ROM Size (Code + RO Data + RW Data)      15112 (  14.76kB)

==============================================================================

